// Jest Snapshot v1, https://goo.gl/fbAQLP

exports[`DuelHistoryContainer renders correctly with more than 1 player 1`] = `
<View
  style={
    Array [
      Object {
        "flex": 5,
        "flexDirection": "row",
      },
    ]
  }
>
  <RCTScrollView
    contentContainerStyle={
      Object {
        "flex": 1,
        "justifyContent": "flex-start",
      }
    }
  >
    <View>
      <View
        accessibilityComponentType={undefined}
        accessibilityLabel={undefined}
        accessibilityTraits={undefined}
        accessible={true}
        hitSlop={undefined}
        nativeID={undefined}
        onLayout={undefined}
        onResponderGrant={[Function]}
        onResponderMove={[Function]}
        onResponderRelease={[Function]}
        onResponderTerminate={[Function]}
        onResponderTerminationRequest={[Function]}
        onStartShouldSetResponder={[Function]}
        style={undefined}
        testID={undefined}
      >
        <View
          style={
            Object {
              "flexDirection": "row",
              "justifyContent": "center",
              "marginBottom": 10,
              "marginTop": 10,
            }
          }
        >
          <Text
            accessible={true}
            allowFontScaling={true}
            ellipsizeMode="tail"
            style={
              Object {
                "alignSelf": "flex-end",
                "color": "grey",
                "fontSize": 30,
              }
            }
          >
            .
          </Text>
        </View>
        <View
          style={
            Object {
              "flexDirection": "row",
              "justifyContent": "center",
              "marginBottom": 10,
              "marginTop": 10,
            }
          }
        >
          <Text
            accessible={true}
            allowFontScaling={true}
            ellipsizeMode="tail"
            style={
              Object {
                "alignSelf": "flex-end",
                "color": "grey",
                "fontSize": 30,
              }
            }
          >
            .
          </Text>
        </View>
        <View
          style={
            Object {
              "flexDirection": "row",
              "justifyContent": "center",
              "marginBottom": 10,
              "marginTop": 10,
            }
          }
        >
          <Text
            accessible={true}
            allowFontScaling={true}
            ellipsizeMode="tail"
            style={
              Object {
                "alignSelf": "flex-end",
                "color": "grey",
                "fontSize": 30,
              }
            }
          >
            .
          </Text>
        </View>
      </View>
    </View>
  </RCTScrollView>
  <RCTScrollView
    contentContainerStyle={
      Object {
        "flex": 1,
        "justifyContent": "flex-start",
      }
    }
  >
    <View>
      <View
        accessibilityComponentType={undefined}
        accessibilityLabel={undefined}
        accessibilityTraits={undefined}
        accessible={true}
        hitSlop={undefined}
        nativeID={undefined}
        onLayout={undefined}
        onResponderGrant={[Function]}
        onResponderMove={[Function]}
        onResponderRelease={[Function]}
        onResponderTerminate={[Function]}
        onResponderTerminationRequest={[Function]}
        onStartShouldSetResponder={[Function]}
        style={undefined}
        testID={undefined}
      >
        <View
          style={
            Object {
              "flexDirection": "row",
              "justifyContent": "center",
              "marginBottom": 10,
              "marginTop": 10,
            }
          }
        >
          <Text
            accessible={true}
            allowFontScaling={true}
            ellipsizeMode="tail"
            style={
              Object {
                "alignSelf": "flex-end",
                "color": "grey",
                "fontSize": 30,
              }
            }
          >
            .
          </Text>
        </View>
        <View
          style={
            Object {
              "flexDirection": "row",
              "justifyContent": "center",
              "marginBottom": 10,
              "marginTop": 10,
            }
          }
        >
          <Text
            accessible={true}
            allowFontScaling={true}
            ellipsizeMode="tail"
            style={
              Object {
                "alignSelf": "flex-end",
                "color": "grey",
                "fontSize": 30,
              }
            }
          >
            .
          </Text>
        </View>
        <View
          style={
            Object {
              "flexDirection": "row",
              "justifyContent": "center",
              "marginBottom": 10,
              "marginTop": 10,
            }
          }
        >
          <Text
            accessible={true}
            allowFontScaling={true}
            ellipsizeMode="tail"
            style={
              Object {
                "alignSelf": "flex-end",
                "color": "grey",
                "fontSize": 30,
              }
            }
          >
            .
          </Text>
        </View>
      </View>
    </View>
  </RCTScrollView>
</View>
`;

exports[`DuelHistoryContainer renders correctly with one player 1`] = `
<View
  style={
    Array [
      Object {
        "flex": 5,
        "flexDirection": "row",
      },
    ]
  }
>
  <RCTScrollView
    contentContainerStyle={
      Object {
        "flex": 1,
        "justifyContent": "flex-start",
      }
    }
  >
    <View>
      <View
        accessibilityComponentType={undefined}
        accessibilityLabel={undefined}
        accessibilityTraits={undefined}
        accessible={true}
        hitSlop={undefined}
        nativeID={undefined}
        onLayout={undefined}
        onResponderGrant={[Function]}
        onResponderMove={[Function]}
        onResponderRelease={[Function]}
        onResponderTerminate={[Function]}
        onResponderTerminationRequest={[Function]}
        onStartShouldSetResponder={[Function]}
        style={undefined}
        testID={undefined}
      >
        <View
          style={
            Object {
              "flexDirection": "row",
              "justifyContent": "center",
              "marginBottom": 10,
              "marginTop": 10,
            }
          }
        >
          <Text
            accessible={true}
            allowFontScaling={true}
            ellipsizeMode="tail"
            style={
              Object {
                "alignSelf": "flex-end",
                "color": "grey",
                "fontSize": 30,
              }
            }
          >
            .
          </Text>
        </View>
        <View
          style={
            Object {
              "flexDirection": "row",
              "justifyContent": "center",
              "marginBottom": 10,
              "marginTop": 10,
            }
          }
        >
          <Text
            accessible={true}
            allowFontScaling={true}
            ellipsizeMode="tail"
            style={
              Object {
                "alignSelf": "flex-end",
                "color": "grey",
                "fontSize": 30,
              }
            }
          >
            .
          </Text>
        </View>
        <View
          style={
            Object {
              "flexDirection": "row",
              "justifyContent": "center",
              "marginBottom": 10,
              "marginTop": 10,
            }
          }
        >
          <Text
            accessible={true}
            allowFontScaling={true}
            ellipsizeMode="tail"
            style={
              Object {
                "alignSelf": "flex-end",
                "color": "grey",
                "fontSize": 30,
              }
            }
          >
            .
          </Text>
        </View>
      </View>
    </View>
  </RCTScrollView>
</View>
`;
