// Jest Snapshot v1, https://goo.gl/fbAQLP

exports[`renders empty is calculator is not visible 1`] = `null`;
